9a8a449 Initial commit
+student@student-wsb-vm:~/Pulpit/projekt2$ git checkout 8b12ccd
HEAD is now at 8b12ccd... dodanie pliku notatkigithub
+student@student-wsb-vm:~/Pulpit/projekt2$ git push -u origin master
Username for 'https://github.com': kaniapiotr
Password for 'https://kaniapiotr@github.com': 
Branch master set up to track remote branch master from origin.
Everything up-to-date
+student@student-wsb-vm:~/Pulpit/projekt2$ git log-oneline
git: 'log-oneline' is not a git command. See 'git --help'.
+student@student-wsb-vm:~/Pulpit/projekt2$ git log --oneline
8b12ccd dodanie pliku notatkigithub
7be2680 added angular6+vue.js
9a8a449 Initial commit
+student@student-wsb-vm:~/Pulpit/projekt2$ git status
HEAD detached from 9a8a449
nothing to commit, working directory clean
+student@student-wsb-vm:~/Pulpit/projekt2$ git add notatkigihub.txt
+student@student-wsb-vm:~/Pulpit/projekt2$ git status
HEAD detached from 9a8a449
nothing to commit, working directory clean
+student@student-wsb-vm:~/Pulpit/projekt2$ git log --oneline
8b12ccd dodanie pliku notatkigithub
7be2680 added angular6+vue.js
9a8a449 Initial commit
+student@student-wsb-vm:~/Pulpit/projekt2$ git checkout master
Warning: you are leaving 2 commits behind, not connected to
any of your branches:

  8b12ccd dodanie pliku notatkigithub
  7be2680 added angular6+vue.js

If you want to keep them by creating a new branch, this may be a good time
to do so with:

 git branch <new-branch-name> 8b12ccd

Switched to branch 'master'
Your branch is up-to-date with 'origin/master'.
+student@student-wsb-vm:~/Pulpit/projekt2$ git remote -v
origin	https://github.com/kaniapiotr/pierwszyPushNaGithub.git (fetch)
origin	https://github.com/kaniapiotr/pierwszyPushNaGithub.git (push)
+student@student-wsb-vm:~/Pulpit/projekt2$ git push -u origin master
Username for 'https://github.com': kaniapiotr
Password for 'https://kaniapiotr@github.com': 
Branch master set up to track remote branch master from origin.
Everything up-to-date
+student@student-wsb-vm:~/Pulpit/projekt2$ git status
On branch master
Your branch is up-to-date with 'origin/master'.
nothing to commit, working directory clean
+student@student-wsb-vm:~/Pulpit/projekt2$ clear

+student@student-wsb-vm:~/Pulpit/projekt2$ git status
On branch master
Your branch is up-to-date with 'origin/master'.
nothing to commit, working directory clean
+student@student-wsb-vm:~/Pulpit/projekt2$ git status
On branch master
Your branch is up-to-date with 'origin/master'.
Changes not staged for commit:
  (use "git add <file>..." to update what will be committed)
  (use "git checkout -- <file>..." to discard changes in working directory)

	zmodyfikowany: index.html

no changes added to commit (use "git add" and/or "git commit -a")
+student@student-wsb-vm:~/Pulpit/projekt2$ git add .
+student@student-wsb-vm:~/Pulpit/projekt2$ git commit -m "added new files"
[master fe6b6cf] added new files
 1 file changed, 6 insertions(+), 1 deletion(-)
+student@student-wsb-vm:~/Pulpit/projekt2$ git push
warning: push.default is unset; its implicit value has changed in
Git 2.0 from 'matching' to 'simple'. To squelch this message
and maintain the traditional behavior, use:

  git config --global push.default matching

To squelch this message and adopt the new behavior now, use:

  git config --global push.default simple

When push.default is set to 'matching', git will push local branches
to the remote branches that already exist with the same name.

Since Git 2.0, Git defaults to the more conservative 'simple'
behavior, which only pushes the current branch to the corresponding
remote branch that 'git pull' uses to update the current branch.

See 'git help config' and search for 'push.default' for further information.
(the 'simple' mode was introduced in Git 1.7.11. Use the similar mode
'current' instead of 'simple' if you sometimes use older versions of Git)

Username for 'https://github.com': kaniapiotr
Password for 'https://kaniapiotr@github.com': 
Counting objects: 3, done.
Delta compression using up to 2 threads.
Compressing objects: 100% (3/3), done.
Writing objects: 100% (3/3), 388 bytes | 0 bytes/s, done.
Total 3 (delta 1), reused 0 (delta 0)
remote: Resolving deltas: 100% (1/1), completed with 1 local object.
To https://github.com/kaniapiotr/pierwszyPushNaGithub.git
   d0e0659..fe6b6cf  master -> master
+student@student-wsb-vm:~/Pulpit/projekt2$ 

